 WARNING: BW peak won't be measured in this run.
---------------------------------------------------------------------------------------
                    RDMA_Write BW Test
 Dual-port       : OFF		Device         : rocep1s0f1
 Number of qps   : 1		Transport type : IB
 Connection type : RC		Using SRQ      : OFF
 PCIe relax order: ON
 ibv_wr* API     : ON
 TX depth        : 128
 CQ Moderation   : 1
 Mtu             : 4096[B]
 Link type       : Ethernet
 GID index       : 3
 Max inline data : 0[B]
 rdma_cm QPs	 : ON
 Data ex. method : rdma_cm
---------------------------------------------------------------------------------------
 local address: LID 0000 QPN 0x11e9 PSN 0xbe549e
 GID: 00:00:00:00:00:00:00:00:00:00:255:255:10:100:24:02
 remote address: LID 0000 QPN 0x01e9 PSN 0xf6352e
 GID: 00:00:00:00:00:00:00:00:00:00:255:255:10:100:24:01
---------------------------------------------------------------------------------------
 #bytes     #iterations    BW peak[Gb/sec]    BW average[Gb/sec]   MsgRate[Mpps]
 65536      187544366        0.00               109.25 		   0.208384
---------------------------------------------------------------------------------------
